incomplete ../../src/exact_base.hpp:335:try_it
incomplete ../../src/bits/trie.hpp:336:TRIE
incomplete ../../src/exact_base.hpp:335:try_it
incomplete ../../src/bits/trie.hpp:336:TRIE
incomplete ../../src/bits/trie.hpp:336:TRIE
incomplete ../../src/exact_base.hpp:335:try_it
incomplete ../../src/bits/trie.hpp:336:TRIE
incomplete ../../src/exact_base.hpp:335:try_it
incomplete ../../src/bits/trie.hpp:336:TRIE
incomplete ../../src/exact_base.hpp:335:try_it
incomplete ../../src/bits/trie.hpp:336:TRIE
TA 1
TA 4
TA 4
TA 4
TA 6
TA 5
