#: 0
#: 0
#: 0
#: 0
#: 0
#: 0
#: 0
#: 0
#: 0
#: 0
#: 0
#: 0
---cornercases---
---P6---
---Petersen---
---Petersen_double---
---Wagner---
---Pappus---
---Grid-5-5---
---Dimacs7---
MD_width: 11
---Dimacs58---
MD_width: 12
