RandomGNM_250_1000 107
P6 2
Petersen 5
Petersen_double 5
Wagner 4
Pappus 6
Grid_5_5 5
random..
corner 0 -1
corner 1 0
corner 2 0
corner 3 4
