[[2, 6, 7, 10, 11], [2, 7, 8, 13, 14], [10, 11, 16, 17, 22], [7, 11, 12, 13, 17], [13, 14, 17, 18, 22], [2, 7, 10, 11, 13, 14], [10, 11, 13, 14, 17, 22], [7, 10, 11, 13, 14, 17], [1, 2, 6, 10], [2, 3, 8, 14], [3, 8, 9, 14], [14, 18, 19, 22], [18, 19, 22, 23], [10, 16, 21, 22], [10, 15, 16, 21], [1, 5, 6, 10], [0, 1, 5], [3, 4, 9], [15, 20, 21], [19, 23, 24]]
[5, 0, 5, 1, 6, 2, 7, 3, 6, 4, 7, 5, 0, 8, 1, 9, 9, 10, 4, 11, 11, 12, 2, 13, 13, 14, 8, 15, 15, 16, 10, 17, 14, 18, 12, 19, 6, 7]
