generated 129 edges, 32 vertices
symmetric 233 edges
0 -- 4
0 -- 7
0 -- 12
0 -- 21
0 -- 31
tagged 0
treedec is valid!!
bagsize 14 status 0
boost_minDegree_ordering said 14
