==test graph==
0 <--> 1 
1 <--> 0 2 
2 <--> 1 3 30 
3 <--> 2 4 31 
4 <--> 3 5 
5 <--> 4 6 26 
6 <--> 5 7 
7 <--> 6 8 27 
8 <--> 7 9 
9 <--> 8 10 
10 <--> 9 11 21 
11 <--> 10 12 
12 <--> 11 13 22 
13 <--> 12 14 18 
14 <--> 13 15 
15 <--> 14 16 19 
16 <--> 15 17 
17 <--> 16 18 
18 <--> 17 19 13 
19 <--> 15 18 20 
20 <--> 19 21 
21 <--> 20 10 
22 <--> 12 23 37 
23 <--> 22 24 27 
24 <--> 23 25 
25 <--> 24 26 
26 <--> 25 5 
27 <--> 7 23 28 
28 <--> 27 29 
29 <--> 28 30 
30 <--> 29 2 
31 <--> 3 32 
32 <--> 31 33 
33 <--> 32 34 39 
34 <--> 33 35 40 
35 <--> 34 36 
36 <--> 35 37 
37 <--> 36 38 22 
38 <--> 37 39 
39 <--> 38 33 
40 <--> 34 41 
41 <--> 40 42 
42 <--> 41 43 
43 <--> 42 
====
PP+FI+TM
0 <--> 1 
1 <--> 0 2 16 17 
2 <--> 1 3 
3 <--> 2 4 
4 <--> 3 5 15 19 
5 <--> 4 6 
6 <--> 5 7 13 
7 <--> 6 8 
8 <--> 7 9 10 24 
9 <--> 8 33 
10 <--> 8 11 12 21 
11 <--> 10 
12 <--> 10 
13 <--> 6 14 
14 <--> 13 
15 <--> 4 
16 <--> 1 
17 <--> 1 18 
18 <--> 17 
19 <--> 4 20 
20 <--> 19 
21 <--> 10 22 
22 <--> 21 23 
23 <--> 22 
24 <--> 8 25 
25 <--> 24 26 
26 <--> 25 27 
27 <--> 26 28 30 
28 <--> 27 29 
29 <--> 28 
30 <--> 27 31 
31 <--> 30 32 
32 <--> 31 39 
33 <--> 9 34 
34 <--> 33 35 
35 <--> 34 36 
36 <--> 35 37 
37 <--> 36 38 
38 <--> 37 
39 <--> 32 40 
40 <--> 39 41 
41 <--> 40 42 
42 <--> 41 
4
0: 13 18
1: 13 15 18
2: 13 15 18 19
3: 12 13 19
4: 10 12 19
5: 10 12 22
6: 7 10 22
7: 7 22 23
8: 3 7 22 23
9: 3 7 23 27
10: 3 5 7 23
11: 3 4 5
12: 5 6 7
13: 7 8 10
14: 8 9 10
15: 10 11 12
16: 13 14 15
17: 15 16 18
18: 16 17 18
19: 10 19 20
20: 10 20 21
21: 5 23 24
22: 5 24 25
23: 5 25 26
24: 3 22 31
25: 22 31 32
26: 22 32 37
27: 32 33 37
28: 33 37 38
29: 33 38 39
30: 33 36 37
31: 33 35 36
32: 33 34 35
33: 3 27 28
34: 3 28 29
35: 3 29 30
36: 2 3 30
37: 1 2
38: 0 1
39: 34 40
40: 40 41
41: 41 42
42: 42 43
done
