0 <--> 
1 <--> 
copy
0: 1 2 3
1: 4 5 6
elimord
1
0
