incomplete ../../tests/dead_simple.cpp:25:main
cycle has treewidth <= 2
