generated 129 edges, 32 vertices
symmetric 240 edges
0 -- 4
0 -- 7
0 -- 12
0 -- 21
0 -- 31
removed 0
treedec is valid!!
bagsize 15 status 0
boost_minDegree_ordering said 15
treedec is valid!!
