0: 0
1: 1
2: 2
0

========

4
========
========
========
 1 0
 2 3
========
 2 3 5 6 7
========
========

