0: 3
1: 4
2: 5
3: 6
4: 7
5: 8
6: 9
7: 0
8: 1
9: 2
----1
0: 5
1: 0
2: 6
3: 1
4: 7
5: 2
6: 8
7: 3
8: 4
9: 9
----2
0: 6
1: 2
2: 3
3: 4
4: 9
5: 8
6: 7
7: 1
8: 5
9: 0
----3
0: 0 sns 2
1: 1 sns 0
2: 2 sns -1
3: 3 sns 1
4: 4 sns 1
5: 6 sns 1
6: 5 sns 1
7: 7 sns 1
8: 8 sns 1
9: 9 sns 1
