----1
0: 0 1
1: 1 1
2: 7 1
3: 2 5
4: 4 -1
5: 3 0
6: 5 -2
7: 6 0
8: 9 0
9: 8 1
--1
1
--2
2
4
3
5
6
9
--3
3
--4
4
3
--5
5
6
9
