----1
0: 8 1
1: 6 6
2: 2 0
3: 3 0
4: 4 0
5: 7 0
6: 9 0
7: 0 1
8: 1 1
9: 5 1
----2
0: 8 4
1: 2 -2
2: 4 0
3: 6 0
4: 0 1
5: 1 1
6: 3 1
7: 7 1
8: 5 1
9: 9 1
----3
input 0: sns 1 pos 4
input 1: sns 1 pos 0
input 2: sns 3 pos 1
input 3: sns 0 pos 4
input 4: sns -1 pos 2
input 5: sns 1 pos 5
input 6: sns 1 pos 6
input 7: sns 1 pos 7
input 8: sns 1 pos 8
input 9: sns 1 pos 9
0: ord 1 1
1: ord 2 3
2: ord 4 -1
3: ord 3 0
4: ord 0 1
5: ord 5 1
6: ord 6 1
7: ord 7 1
8: ord 8 1
9: ord 9 1
----4
input 0: sns 1 pos 2
input 1: sns 1 pos 1
input 2: sns 1 pos 0
input 3: sns -2 pos 7
input 4: sns 0 pos 3
input 5: sns 0 pos 3
input 6: sns 1 pos 8
input 7: sns 5 pos 3
input 8: sns 0 pos 7
input 9: sns 1 pos 9
0: ord 2 1
1: ord 1 1
2: ord 0 1
3: ord 7 5
4: ord 3 -2
5: ord 4 0
6: ord 5 0
7: ord 8 0
8: ord 6 1
9: ord 9 1
