_balsvu on 4 vertices with 4 edges
_cutset_balsvu 3
_balvvu on 4 vertices with 4 edges
_cutset_balvvu 3
