_balsvu on 4 vertices with 4 edges
_ta_balsvu 3
0
 1 2 3
1
 0 1 3
_balvvu on 4 vertices with 4 edges
_ta_balvvu bagsize 3 _balvvu_treedec with 2 bags
(0, 1)
0
 1 2 3
1
 0 1 3
