_balvvd on 4 vertices with 4 edges
_fi_balvvd
_balvvu on 4 vertices with 2 edges
_fi_balvvu
_balsvd on 4 vertices with 4 edges
_fi_balsvd
_balsvu on 4 vertices with 2 edges
_fi_balsvu
