_gsgvvu16 on 4 vertices with 2 edges
_fi_gsgvvu16
[0 3 2 1]
_gsgvvu32 on 4 vertices with 2 edges
_fi_gsgvvu32
[0 3 2 1]
_gsgvvu64 on 4 vertices with 2 edges
_fi_gsgvvu64
[0 3 2 1]
