_gsgvvu32 on 5 vertices with 2 edges
edges
(1, 2)
(3, 4)
