_balvvd on 5 vertices with 2 edges
edges
(1, 2)
(3, 4)
0
1
2
3
4
(1, 2)
(0, 2)
((1, 2), False)
((1, 0), True)
edg 1 (1, 2)
edg 2 (0, 2)
(1, 2)
(2, 3)
(2, 1)
(3, 2)
