_balvvu on 4 vertices with 4 edges
[1 2 3 0]
_ta_balvvu bagsize 3 _balvvu_treedec with 2 bags
[1 2 3 0]
