pp 0 bagsize 196 lb 5
pp 1 bagsize 48 lb 7
pp 2 bagsize 81 lb 5
pp 3 bagsize 428 lb 14
pp 4 bagsize 36 lb 5
pp 5 bagsize 121 lb 5
pp 6 bagsize 415 lb 15
pp 7 bagsize 21 lb 5
pp 8 bagsize 100 lb 5
pp 9 bagsize 29 lb 11
pp 10 bagsize 445 lb 5
pp 11 bagsize 223 lb 5
pp 12 bagsize 25 lb 5
pp 13 bagsize 354 lb 14
pp 14 bagsize 82 lb 28
pp 15 bagsize 52 lb 5
pp 16 bagsize 83 lb 18
pp 17 bagsize 66 lb 31
pp 18 bagsize 94 lb 5
pp 19 bagsize 445 lb 5
pp 20 bagsize 188 lb 29
pp 21 bagsize 431 lb 5
pp 22 bagsize 447 lb 5
pp 23 bagsize 194 lb 29
pp 24 bagsize 220 lb 5
pp 25 bagsize 67 lb 23
pp 26 bagsize 197 lb 31
pp 27 bagsize 120 lb 9
pp 28 bagsize 190 lb 5
pp 29 bagsize 10 lb 10
pp 30 bagsize 169 lb 5
pp 31 bagsize 224 lb 35
pp 32 bagsize 440 lb 5
pp 33 bagsize 442 lb 5
pp 34 bagsize 62 lb 34
pp 35 bagsize 325 lb 14
pp 36 bagsize 64 lb 5
pp 37 bagsize 96 lb 5
pp 38 bagsize 225 lb 5
pp 39 bagsize 324 lb 5
pp 40 bagsize 97 lb 9
pp 41 bagsize 414 lb 24
pp 42 bagsize 62 lb 5
pp 43 bagsize 49 lb 5
pp 44 bagsize 11 lb 11
pp 45 bagsize 196 lb 5
pp 46 bagsize 85 lb 18
pp 47 bagsize 92 lb 5
pp 48 bagsize 65 lb 23
pp 49 bagsize 128 lb 5
pp 50 bagsize 22 lb 5
pp 51 bagsize 191 lb 5
pp 52 bagsize 193 lb 23
pp 53 bagsize 22 lb 11
pp 54 bagsize 439 lb 5
pp 55 bagsize 67 lb 31
pp 56 bagsize 418 lb 24
pp 57 bagsize 66 lb 23
pp 58 bagsize 28 lb 5
pp 59 bagsize 87 lb 19
pp 60 bagsize 428 lb 14
pp 61 bagsize 419 lb 24
pp 62 bagsize 66 lb 23
pp 63 bagsize 49 lb 5
pp 64 bagsize 192 lb 29
pp 65 bagsize 444 lb 5
pp 66 bagsize 46 lb 5
pp 67 bagsize 68 lb 31
pp 68 bagsize 113 lb 31
pp 69 bagsize 49 lb 5
pp 70 bagsize 2 lb 2
pp 71 bagsize 5 lb 5
pp 72 bagsize 123 lb 40
pp 73 bagsize 67 lb 31
pp 74 bagsize 221 lb 31
pp 75 bagsize 101 lb 13
pp 76 bagsize 144 lb 5
pp 77 bagsize 352 lb 5
pp 78 bagsize 187 lb 23
pp 79 bagsize 256 lb 5
pp 80 bagsize 436 lb 5
