-1
0
0
4
1
petersen 4
petersen_double 4
4
6
grid55 5
0
1
2
3
4
5
6
7
8
9
10
11
12
13
14
15
16
17
18
19
20
21
22
23
24
25
 (6, 3) (6, 5) (7, 1) (7, 2) (8, 4) (8, 6) (8, 7) (9, 8) (10, 9) (11, 10) (12, 11) (13, 12) (0, 13) (2, 14) (14, 15) (1, 16) (16, 17) (3, 18) (18, 19) (5, 20) (20, 21) (21, 22) (19, 23) (15, 24) (17, 25)
-1
0
0
4
1
k5 4
petersen 4
4
4
6
5
